2026-09-16 10:51:29 - INFO - ================================================================================
2026-09-16 10:51:29 - INFO - IonicLiquidPropertiesCalculator Initialization [0%]
2026-09-16 10:51:29 - INFO - ================================================================================
2026-09-16 10:51:29 - INFO -   ✓ Cation: EMIM, Anion: TFSI, Ion pairs: 34
2026-09-16 10:51:29 - WARNING - EMIM is outside the ByteFF2 training inventory; its force field parameters will be extrapolated and are unvalidated.
2026-09-16 10:51:29 - INFO - TFSI is the inventory species TFSI; its force field parameters are the validated ByteFF2 ones.
2026-09-16 10:51:29 - INFO - Components: {'EMIM': 34, 'TFSI': 34} (ion pairs 34, cation ratio 1, anion ratio 1)
2026-09-16 10:51:29 - INFO -   ✓ Components: {'EMIM': 34, 'TFSI': 34}
2026-09-16 10:51:29 - INFO -   ✓ Working directory: run_full_smiles_EmimTFSI_IL
2026-09-16 10:51:29 - INFO - ================================================================================
2026-09-16 10:51:29 - INFO - Starting Property Calculations: density, viscosity, conductivity [10%]
2026-09-16 10:51:29 - INFO - ================================================================================
2026-09-16 10:51:29 - INFO -   ✓ Calculating density...
2026-09-16 10:51:29 - INFO - Saved config to run_full_smiles_EmimTFSI_IL/density_config.json
2026-09-16 10:51:29 - INFO - Calculating density...
2026-09-16 10:51:29 - INFO - Running DensityProtocol
2026-09-16 10:51:29 - INFO - running density protocol
2026-09-16 10:51:29 - INFO - use a=0.39 for polarization solver
2026-09-16 10:51:30 - INFO - generating force field params for EMIM
2026-09-16 10:51:30 - INFO - Writing itp: run_full_smiles_EmimTFSI_IL/density_params/EMIM.itp
2026-09-16 10:51:30 - INFO - Writing atp: run_full_smiles_EmimTFSI_IL/density_params/EMIM.atp
2026-09-16 10:51:30 - INFO - generating force field params for TFSI
2026-09-16 10:51:30 - INFO - Writing itp: run_full_smiles_EmimTFSI_IL/density_params/TFSI.itp
2026-09-16 10:51:30 - INFO - Writing atp: run_full_smiles_EmimTFSI_IL/density_params/TFSI.atp
2026-09-16 10:51:30 - INFO - building system for dict_keys(['EMIM', 'TFSI'])
2026-09-16 10:51:30 - INFO - s12: 0.1690015023721859, disp_damping: 120.0
2026-09-16 10:51:30 - INFO - molecules [('TFSI', 34), ('EMIM', 34)]
2026-09-16 10:51:31 - INFO - use PME
2026-09-16 10:51:31 - INFO - use long range correction
2026-09-16 10:51:31 - INFO - amoeba force num multipoles 1156
2026-09-16 10:51:31 - INFO - amoeba force nonbonded method 1
2026-09-16 10:51:31 - INFO - system force HarmonicBondForce, group 0
2026-09-16 10:51:31 - INFO - system force HarmonicAngleForce, group 0
2026-09-16 10:51:31 - INFO - system force PeriodicTorsionForce, group 0
2026-09-16 10:51:31 - INFO - system force CMMotionRemover, group 0
2026-09-16 10:51:31 - INFO - system force AmoebaMultipoleForce, group 1
2026-09-16 10:51:31 - INFO - system force CustomNonbondedForce, group 1
2026-09-16 10:51:31 - INFO - system force CustomBondForce, group 0
2026-09-16 10:51:31 - INFO - system force MonteCarloBarostat, group 0
2026-09-16 10:51:34 - INFO - Minimizing energy
2026-09-16 10:51:40 - INFO - Running npt
2026-09-16 11:03:16 - INFO - npt done
2026-09-16 11:03:16 - INFO - Finished running density protocol
2026-09-16 11:03:16 - INFO - {'density': 1.539673547554895, 'density_std': 0.0024973693235309014}
2026-09-16 11:03:16 - INFO -     Density                       :     1.539674 g/mL
2026-09-16 11:03:16 - INFO -   ✓ Calculating transport properties...
2026-09-16 11:03:16 - INFO - Saved config to run_full_smiles_EmimTFSI_IL/transport_config.json
2026-09-16 11:03:16 - INFO - Calculating conductivity and viscosity...
2026-09-16 11:03:16 - INFO - Running TransportProtocol
2026-09-16 11:03:16 - INFO - running transport protocol
2026-09-16 11:03:16 - INFO - use a=0.39 for polarization solver
2026-09-16 11:03:17 - INFO - generating force field params for EMIM
2026-09-16 11:03:17 - INFO - Writing itp: run_full_smiles_EmimTFSI_IL/transport_params/EMIM.itp
2026-09-16 11:03:17 - INFO - Writing atp: run_full_smiles_EmimTFSI_IL/transport_params/EMIM.atp
2026-09-16 11:03:17 - INFO - generating force field params for TFSI
2026-09-16 11:03:17 - INFO - Writing itp: run_full_smiles_EmimTFSI_IL/transport_params/TFSI.itp
2026-09-16 11:03:17 - INFO - Writing atp: run_full_smiles_EmimTFSI_IL/transport_params/TFSI.atp
2026-09-16 11:03:17 - INFO - building system for dict_keys(['EMIM', 'TFSI'])
2026-09-16 11:03:18 - INFO - s12: 0.1690015023721859, disp_damping: 120.0
2026-09-16 11:03:18 - INFO - molecules [('TFSI', 34), ('EMIM', 34)]
2026-09-16 11:03:18 - INFO - use PME
2026-09-16 11:03:18 - INFO - use long range correction
2026-09-16 11:03:18 - INFO - amoeba force num multipoles 1156
2026-09-16 11:03:18 - INFO - amoeba force nonbonded method 1
2026-09-16 11:03:18 - INFO - npt run
2026-09-16 11:03:18 - INFO - system force HarmonicBondForce, group 0
2026-09-16 11:03:18 - INFO - system force HarmonicAngleForce, group 0
2026-09-16 11:03:18 - INFO - system force PeriodicTorsionForce, group 0
2026-09-16 11:03:18 - INFO - system force CMMotionRemover, group 0
2026-09-16 11:03:18 - INFO - system force AmoebaMultipoleForce, group 1
2026-09-16 11:03:18 - INFO - system force CustomNonbondedForce, group 1
2026-09-16 11:03:18 - INFO - system force CustomBondForce, group 0
2026-09-16 11:03:18 - INFO - system force MonteCarloBarostat, group 0
2026-09-16 11:03:19 - INFO - Minimizing energy
2026-09-16 11:03:24 - INFO - Running npt
2026-09-16 18:44:39 - INFO - npt done
2026-09-16 18:44:40 - INFO - scale box by 1.000
2026-09-16 18:44:40 - INFO - nvt run
2026-09-16 18:44:40 - INFO - system force HarmonicBondForce, group 0
2026-09-16 18:44:40 - INFO - system force HarmonicAngleForce, group 0
2026-09-16 18:44:40 - INFO - system force PeriodicTorsionForce, group 0
2026-09-16 18:44:40 - INFO - system force CMMotionRemover, group 0
2026-09-16 18:44:40 - INFO - system force AmoebaMultipoleForce, group 1
2026-09-16 18:44:40 - INFO - system force CustomNonbondedForce, group 1
2026-09-16 18:44:40 - INFO - system force CustomBondForce, group 0
2026-09-16 18:44:40 - INFO - Running nvt
2026-09-17 08:57:09 - INFO - nvt done
2026-09-17 08:57:09 - INFO - nonequ run
2026-09-17 08:57:09 - INFO - system force HarmonicBondForce, group 0
2026-09-17 08:57:09 - INFO - system force HarmonicAngleForce, group 0
2026-09-17 08:57:09 - INFO - system force PeriodicTorsionForce, group 0
2026-09-17 08:57:09 - INFO - system force CMMotionRemover, group 0
2026-09-17 08:57:09 - INFO - system force AmoebaMultipoleForce, group 1
2026-09-17 08:57:09 - INFO - system force CustomNonbondedForce, group 1
2026-09-17 08:57:09 - INFO - system force CustomBondForce, group 0
2026-09-17 08:57:10 - INFO - Running nonequ
2026-09-17 09:23:50 - INFO - nonequ done
2026-09-17 09:23:50 - INFO - post processing transport protocol
2026-09-17 09:23:50 - INFO - viscosity: 34.648
2026-09-17 09:23:51 - INFO - Inferred cubic box length [angstrom]: 24.34427813395727
2026-09-17 09:23:51 - INFO - Use frames: 19800
2026-09-17 09:23:52 - INFO - msd_self: [0.19228471941954445, 0.24408740113636665]
2026-09-17 09:23:52 - INFO - conductivity: 2.877631482811031
2026-09-17 09:23:52 - INFO -     Conductivity (Onsager)        :     2.877631 mS/cm
2026-09-17 09:23:52 - INFO -     Viscosity                     :    34.648249 cP
2026-09-17 09:23:52 - INFO - ================================================================================
2026-09-17 09:23:52 - INFO - Calculation Complete [100%]
2026-09-17 09:23:52 - INFO - ================================================================================
2026-09-17 09:23:52 - INFO -   ✓ Saved summary to run_full_smiles_EmimTFSI_IL/summary.json
2026-09-17 09:23:52 - INFO - ================================================================================
2026-09-17 09:23:52 - INFO - CALCULATION SUMMARY
2026-09-17 09:23:52 - INFO - ================================================================================
2026-09-17 09:23:52 - INFO - 
System Composition:
2026-09-17 09:23:52 - INFO -   Cation                        : EMIM
2026-09-17 09:23:52 - INFO -   Cation Ratio                  : 1
2026-09-17 09:23:52 - INFO -   Anion                         : TFSI
2026-09-17 09:23:52 - INFO -   Anion Ratio                   : 1
2026-09-17 09:23:52 - INFO -   Ion Pairs                     : 34
2026-09-17 09:23:52 - INFO -   Solvent                       : none (neat ionic liquid)
2026-09-17 09:23:52 - INFO - 
Simulation Parameters:
2026-09-17 09:23:52 - INFO -   Temperature                   : 298.0 K
2026-09-17 09:23:52 - INFO -   Components                    : {'EMIM': 34, 'TFSI': 34}
2026-09-17 09:23:52 - INFO - 
Calculated Properties:
2026-09-17 09:23:52 - INFO -   Density (g/mL)                : 1.539674
2026-09-17 09:23:52 - INFO -   Conductivity (mS/cm)          : 2.877631
2026-09-17 09:23:52 - INFO -   Viscosity (cP)                : 34.648249
