2026-09-15 21:28:10 - INFO - ================================================================================
2026-09-15 21:28:10 - INFO - IonicLiquidPropertiesCalculator Initialization [0%]
2026-09-15 21:28:10 - INFO - ================================================================================
2026-09-15 21:28:10 - INFO -   ✓ Cation: EMIM/BMIM (5:5), Anion: TFSI/FSI (5:5), Ion pairs: 34
2026-09-15 21:28:10 - WARNING - EMIM is outside the ByteFF2 training inventory; its force field parameters will be extrapolated and are unvalidated.
2026-09-15 21:28:10 - WARNING - BMIM is outside the ByteFF2 training inventory; its force field parameters will be extrapolated and are unvalidated.
2026-09-15 21:28:10 - INFO - TFSI is the inventory species TFSI; its force field parameters are the validated ByteFF2 ones.
2026-09-15 21:28:10 - INFO - FSI is the inventory species FSI; its force field parameters are the validated ByteFF2 ones.
2026-09-15 21:28:10 - INFO - Components: {'EMIM': 17, 'BMIM': 17, 'TFSI': 17, 'FSI': 17} (ion pairs 34, cation ratio 5:5, anion ratio 5:5)
2026-09-15 21:28:10 - INFO -   ✓ Components: {'EMIM': 17, 'BMIM': 17, 'TFSI': 17, 'FSI': 17}
2026-09-15 21:28:10 - INFO -   ✓ Working directory: run_full_smiles_IL_EmimBmimTFSIFSI
2026-09-15 21:28:10 - INFO - ================================================================================
2026-09-15 21:28:10 - INFO - Starting Property Calculations: density, conductivity, viscosity [10%]
2026-09-15 21:28:10 - INFO - ================================================================================
2026-09-15 21:28:10 - INFO -   ✓ Calculating density...
2026-09-15 21:28:10 - INFO - Saved config to run_full_smiles_IL_EmimBmimTFSIFSI/density_config.json
2026-09-15 21:28:10 - INFO - Calculating density...
2026-09-15 21:28:10 - INFO - Running DensityProtocol
2026-09-15 21:28:10 - INFO - running density protocol
2026-09-15 21:28:10 - INFO - use a=0.39 for polarization solver
2026-09-15 21:28:11 - INFO - generating force field params for EMIM
2026-09-15 21:28:11 - INFO - Writing itp: run_full_smiles_IL_EmimBmimTFSIFSI/density_params/EMIM.itp
2026-09-15 21:28:11 - INFO - Writing atp: run_full_smiles_IL_EmimBmimTFSIFSI/density_params/EMIM.atp
2026-09-15 21:28:11 - INFO - generating force field params for BMIM
2026-09-15 21:28:11 - INFO - Writing itp: run_full_smiles_IL_EmimBmimTFSIFSI/density_params/BMIM.itp
2026-09-15 21:28:11 - INFO - Writing atp: run_full_smiles_IL_EmimBmimTFSIFSI/density_params/BMIM.atp
2026-09-15 21:28:11 - INFO - generating force field params for TFSI
2026-09-15 21:28:11 - INFO - Writing itp: run_full_smiles_IL_EmimBmimTFSIFSI/density_params/TFSI.itp
2026-09-15 21:28:11 - INFO - Writing atp: run_full_smiles_IL_EmimBmimTFSIFSI/density_params/TFSI.atp
2026-09-15 21:28:11 - INFO - generating force field params for FSI
2026-09-15 21:28:11 - INFO - Writing itp: run_full_smiles_IL_EmimBmimTFSIFSI/density_params/FSI.itp
2026-09-15 21:28:11 - INFO - Writing atp: run_full_smiles_IL_EmimBmimTFSIFSI/density_params/FSI.atp
2026-09-15 21:28:11 - INFO - building system for dict_keys(['EMIM', 'BMIM', 'TFSI', 'FSI'])
2026-09-15 21:28:11 - INFO - s12: 0.1690015023721859, disp_damping: 120.0
2026-09-15 21:28:11 - INFO - molecules [('TFSI', 17), ('FSI', 17), ('EMIM', 17), ('BMIM', 17)]
2026-09-15 21:28:11 - INFO - use PME
2026-09-15 21:28:11 - INFO - use long range correction
2026-09-15 21:28:11 - INFO - amoeba force num multipoles 1156
2026-09-15 21:28:11 - INFO - amoeba force nonbonded method 1
2026-09-15 21:28:11 - INFO - system force HarmonicBondForce, group 0
2026-09-15 21:28:11 - INFO - system force HarmonicAngleForce, group 0
2026-09-15 21:28:11 - INFO - system force PeriodicTorsionForce, group 0
2026-09-15 21:28:11 - INFO - system force CMMotionRemover, group 0
2026-09-15 21:28:11 - INFO - system force AmoebaMultipoleForce, group 1
2026-09-15 21:28:11 - INFO - system force CustomNonbondedForce, group 1
2026-09-15 21:28:11 - INFO - system force CustomBondForce, group 0
2026-09-15 21:28:11 - INFO - system force MonteCarloBarostat, group 0
2026-09-15 21:28:11 - INFO - Minimizing energy
2026-09-15 21:28:19 - INFO - Running npt
2026-09-15 21:43:30 - INFO - npt done
2026-09-15 21:43:30 - INFO - Finished running density protocol
2026-09-15 21:43:30 - INFO - {'density': 1.4610596777893436, 'density_std': 0.001210161629846506}
2026-09-15 21:43:30 - INFO -     Density                       :     1.461060 g/mL
2026-09-15 21:43:30 - INFO -   ✓ Calculating transport properties...
2026-09-15 21:43:30 - INFO - Saved config to run_full_smiles_IL_EmimBmimTFSIFSI/transport_config.json
2026-09-15 21:43:30 - INFO - Calculating conductivity and viscosity...
2026-09-15 21:43:30 - INFO - Running TransportProtocol
2026-09-15 21:43:30 - INFO - running transport protocol
2026-09-15 21:43:30 - INFO - use a=0.39 for polarization solver
2026-09-15 21:43:30 - INFO - generating force field params for EMIM
2026-09-15 21:43:30 - INFO - Writing itp: run_full_smiles_IL_EmimBmimTFSIFSI/transport_params/EMIM.itp
2026-09-15 21:43:30 - INFO - Writing atp: run_full_smiles_IL_EmimBmimTFSIFSI/transport_params/EMIM.atp
2026-09-15 21:43:30 - INFO - generating force field params for BMIM
2026-09-15 21:43:30 - INFO - Writing itp: run_full_smiles_IL_EmimBmimTFSIFSI/transport_params/BMIM.itp
2026-09-15 21:43:30 - INFO - Writing atp: run_full_smiles_IL_EmimBmimTFSIFSI/transport_params/BMIM.atp
2026-09-15 21:43:30 - INFO - generating force field params for TFSI
2026-09-15 21:43:30 - INFO - Writing itp: run_full_smiles_IL_EmimBmimTFSIFSI/transport_params/TFSI.itp
2026-09-15 21:43:30 - INFO - Writing atp: run_full_smiles_IL_EmimBmimTFSIFSI/transport_params/TFSI.atp
2026-09-15 21:43:30 - INFO - generating force field params for FSI
2026-09-15 21:43:30 - INFO - Writing itp: run_full_smiles_IL_EmimBmimTFSIFSI/transport_params/FSI.itp
2026-09-15 21:43:30 - INFO - Writing atp: run_full_smiles_IL_EmimBmimTFSIFSI/transport_params/FSI.atp
2026-09-15 21:43:30 - INFO - building system for dict_keys(['EMIM', 'BMIM', 'TFSI', 'FSI'])
2026-09-15 21:43:31 - INFO - s12: 0.1690015023721859, disp_damping: 120.0
2026-09-15 21:43:31 - INFO - molecules [('TFSI', 17), ('FSI', 17), ('EMIM', 17), ('BMIM', 17)]
2026-09-15 21:43:31 - INFO - use PME
2026-09-15 21:43:31 - INFO - use long range correction
2026-09-15 21:43:31 - INFO - amoeba force num multipoles 1156
2026-09-15 21:43:31 - INFO - amoeba force nonbonded method 1
2026-09-15 21:43:31 - INFO - npt run
2026-09-15 21:43:31 - INFO - system force HarmonicBondForce, group 0
2026-09-15 21:43:31 - INFO - system force HarmonicAngleForce, group 0
2026-09-15 21:43:31 - INFO - system force PeriodicTorsionForce, group 0
2026-09-15 21:43:31 - INFO - system force CMMotionRemover, group 0
2026-09-15 21:43:31 - INFO - system force AmoebaMultipoleForce, group 1
2026-09-15 21:43:31 - INFO - system force CustomNonbondedForce, group 1
2026-09-15 21:43:31 - INFO - system force CustomBondForce, group 0
2026-09-15 21:43:31 - INFO - system force MonteCarloBarostat, group 0
2026-09-15 21:43:31 - INFO - Minimizing energy
2026-09-15 21:43:39 - INFO - Running npt
2026-09-16 07:54:27 - INFO - npt done
2026-09-16 07:54:27 - INFO - scale box by 1.002
2026-09-16 07:54:27 - INFO - nvt run
2026-09-16 07:54:27 - INFO - system force HarmonicBondForce, group 0
2026-09-16 07:54:27 - INFO - system force HarmonicAngleForce, group 0
2026-09-16 07:54:27 - INFO - system force PeriodicTorsionForce, group 0
2026-09-16 07:54:27 - INFO - system force CMMotionRemover, group 0
2026-09-16 07:54:27 - INFO - system force AmoebaMultipoleForce, group 1
2026-09-16 07:54:27 - INFO - system force CustomNonbondedForce, group 1
2026-09-16 07:54:27 - INFO - system force CustomBondForce, group 0
2026-09-16 07:54:27 - INFO - Running nvt
2026-09-16 20:12:30 - INFO - nvt done
2026-09-16 20:12:30 - INFO - nonequ run
2026-09-16 20:12:31 - ERROR - Error running TransportProtocol: libOpenMMVelocityVerlet.so: cannot open shared object file: No such file or directory
2026-09-16 20:12:31 - ERROR - ✗ Failed to calculate transport properties: libOpenMMVelocityVerlet.so: cannot open shared object file: No such file or directory
2026-09-16 20:12:31 - INFO - ================================================================================
2026-09-16 20:12:31 - INFO - Calculation Complete [100%]
2026-09-16 20:12:31 - INFO - ================================================================================
2026-09-16 20:12:31 - INFO -   ✓ Saved summary to run_full_smiles_IL_EmimBmimTFSIFSI/summary.json
2026-09-16 20:12:31 - INFO - ================================================================================
2026-09-16 20:12:31 - INFO - CALCULATION SUMMARY
2026-09-16 20:12:31 - INFO - ================================================================================
2026-09-16 20:12:31 - INFO - 
System Composition:
2026-09-16 20:12:31 - INFO -   Cation                        : EMIM/BMIM
2026-09-16 20:12:31 - INFO -   Cation Ratio                  : 5:5
2026-09-16 20:12:31 - INFO -   Anion                         : TFSI/FSI
2026-09-16 20:12:31 - INFO -   Anion Ratio                   : 5:5
2026-09-16 20:12:31 - INFO -   Ion Pairs                     : 34
2026-09-16 20:12:31 - INFO -   Solvent                       : none (neat ionic liquid)
2026-09-16 20:12:31 - INFO - 
Simulation Parameters:
2026-09-16 20:12:31 - INFO -   Temperature                   : 298.0 K
2026-09-16 20:12:31 - INFO -   Components                    : {'EMIM': 17, 'BMIM': 17, 'TFSI': 17, 'FSI': 17}
2026-09-16 20:12:31 - INFO - 
Calculated Properties:
2026-09-16 20:12:31 - INFO -   Density (g/mL)                : 1.461060
