2026-09-15 16:38:06 - INFO - ================================================================================
2026-09-15 16:38:06 - INFO - PropertiesCalculator Initialization [0%]
2026-09-15 16:38:06 - INFO - ================================================================================
2026-09-15 16:38:06 - INFO -   ✓ Solvent: EC/DMC/EMC/FEC (2.5:2.5:2.5:2.5), Anion: PF6, Li count: 34
2026-09-15 16:38:06 - INFO - Components: {'EC': 85, 'DMC': 85, 'EMC': 85, 'FEC': 85, 'LI': 34, 'PF6': 34} (salt:solvent 0.1000, solvent ratio 2.5:2.5:2.5:2.5)
2026-09-15 16:38:06 - INFO -   ✓ Components: {'EC': 85, 'DMC': 85, 'EMC': 85, 'FEC': 85, 'LI': 34, 'PF6': 34}
2026-09-15 16:38:06 - INFO -   ✓ Working directory: run_by_name_4_solvent
2026-09-15 16:38:06 - INFO - ================================================================================
2026-09-15 16:38:06 - INFO - Starting Property Calculations: density, viscosity, conductivity [10%]
2026-09-15 16:38:06 - INFO - ================================================================================
2026-09-15 16:38:06 - INFO -   ✓ Calculating density...
2026-09-15 16:38:06 - INFO - Saved config to run_by_name_4_solvent/density_config.json
2026-09-15 16:38:06 - INFO - Calculating density...
2026-09-15 16:38:06 - INFO - Running DensityProtocol
2026-09-15 16:38:06 - INFO - running density protocol
2026-09-15 16:38:06 - INFO - use a=0.39 for polarization solver
2026-09-15 16:38:07 - INFO - generating force field params for EC
2026-09-15 16:38:07 - INFO - Writing itp: run_by_name_4_solvent/density_params/EC.itp
2026-09-15 16:38:07 - INFO - Writing atp: run_by_name_4_solvent/density_params/EC.atp
2026-09-15 16:38:07 - INFO - generating force field params for DMC
2026-09-15 16:38:07 - INFO - Writing itp: run_by_name_4_solvent/density_params/DMC.itp
2026-09-15 16:38:07 - INFO - Writing atp: run_by_name_4_solvent/density_params/DMC.atp
2026-09-15 16:38:07 - INFO - generating force field params for EMC
2026-09-15 16:38:07 - INFO - Writing itp: run_by_name_4_solvent/density_params/EMC.itp
2026-09-15 16:38:07 - INFO - Writing atp: run_by_name_4_solvent/density_params/EMC.atp
2026-09-15 16:38:07 - INFO - generating force field params for FEC
2026-09-15 16:38:07 - INFO - Writing itp: run_by_name_4_solvent/density_params/FEC.itp
2026-09-15 16:38:07 - INFO - Writing atp: run_by_name_4_solvent/density_params/FEC.atp
2026-09-15 16:38:07 - INFO - generating force field params for LI
2026-09-15 16:38:07 - INFO - Writing itp: run_by_name_4_solvent/density_params/LI.itp
2026-09-15 16:38:07 - INFO - Writing atp: run_by_name_4_solvent/density_params/LI.atp
2026-09-15 16:38:07 - INFO - generating force field params for PF6
2026-09-15 16:38:08 - INFO - Writing itp: run_by_name_4_solvent/density_params/PF6.itp
2026-09-15 16:38:08 - INFO - Writing atp: run_by_name_4_solvent/density_params/PF6.atp
2026-09-15 16:38:08 - INFO - building system for dict_keys(['EC', 'DMC', 'EMC', 'FEC', 'LI', 'PF6'])
2026-09-15 16:38:10 - INFO - s12: 0.1690015023721859, disp_damping: 120.0
2026-09-15 16:38:10 - INFO - molecules [('EC', 85), ('DMC', 85), ('EMC', 85), ('FEC', 85), ('PF6', 34), ('LI', 34)]
2026-09-15 16:38:10 - INFO - use PME
2026-09-15 16:38:10 - INFO - use long range correction
2026-09-15 16:38:10 - INFO - amoeba force num multipoles 4267
2026-09-15 16:38:10 - INFO - amoeba force nonbonded method 1
2026-09-15 16:38:11 - INFO - system force HarmonicBondForce, group 0
2026-09-15 16:38:11 - INFO - system force HarmonicAngleForce, group 0
2026-09-15 16:38:11 - INFO - system force PeriodicTorsionForce, group 0
2026-09-15 16:38:11 - INFO - system force CMMotionRemover, group 0
2026-09-15 16:38:11 - INFO - system force AmoebaMultipoleForce, group 1
2026-09-15 16:38:11 - INFO - system force CustomNonbondedForce, group 1
2026-09-15 16:38:11 - INFO - system force CustomBondForce, group 0
2026-09-15 16:38:11 - INFO - system force MonteCarloBarostat, group 0
2026-09-15 16:38:15 - INFO - Minimizing energy
2026-09-15 16:38:18 - INFO - Running npt
2026-09-15 16:43:18 - INFO - npt done
2026-09-15 16:43:18 - INFO - Finished running density protocol
2026-09-15 16:43:18 - INFO - {'density': 1.3294607072651476, 'density_std': 0.0007238618154709273}
2026-09-15 16:43:18 - INFO -     Density                       :     1.329461 g/mL
2026-09-15 16:43:18 - INFO -   ✓ Calculating transport properties...
2026-09-15 16:43:18 - INFO - Saved config to run_by_name_4_solvent/transport_config.json
2026-09-15 16:43:18 - INFO - Calculating conductivity and viscosity...
2026-09-15 16:43:18 - INFO - Running TransportProtocol
2026-09-15 16:43:18 - INFO - running transport protocol
2026-09-15 16:43:19 - INFO - use a=0.39 for polarization solver
2026-09-15 16:43:19 - INFO - generating force field params for EC
2026-09-15 16:43:19 - INFO - Writing itp: run_by_name_4_solvent/transport_params/EC.itp
2026-09-15 16:43:19 - INFO - Writing atp: run_by_name_4_solvent/transport_params/EC.atp
2026-09-15 16:43:19 - INFO - generating force field params for DMC
2026-09-15 16:43:19 - INFO - Writing itp: run_by_name_4_solvent/transport_params/DMC.itp
2026-09-15 16:43:19 - INFO - Writing atp: run_by_name_4_solvent/transport_params/DMC.atp
2026-09-15 16:43:19 - INFO - generating force field params for EMC
2026-09-15 16:43:19 - INFO - Writing itp: run_by_name_4_solvent/transport_params/EMC.itp
2026-09-15 16:43:19 - INFO - Writing atp: run_by_name_4_solvent/transport_params/EMC.atp
2026-09-15 16:43:19 - INFO - generating force field params for FEC
2026-09-15 16:43:19 - INFO - Writing itp: run_by_name_4_solvent/transport_params/FEC.itp
2026-09-15 16:43:19 - INFO - Writing atp: run_by_name_4_solvent/transport_params/FEC.atp
2026-09-15 16:43:19 - INFO - generating force field params for LI
2026-09-15 16:43:19 - INFO - Writing itp: run_by_name_4_solvent/transport_params/LI.itp
2026-09-15 16:43:19 - INFO - Writing atp: run_by_name_4_solvent/transport_params/LI.atp
2026-09-15 16:43:19 - INFO - generating force field params for PF6
2026-09-15 16:43:19 - INFO - Writing itp: run_by_name_4_solvent/transport_params/PF6.itp
2026-09-15 16:43:19 - INFO - Writing atp: run_by_name_4_solvent/transport_params/PF6.atp
2026-09-15 16:43:19 - INFO - building system for dict_keys(['EC', 'DMC', 'EMC', 'FEC', 'LI', 'PF6'])
2026-09-15 16:43:22 - INFO - s12: 0.1690015023721859, disp_damping: 120.0
2026-09-15 16:43:23 - INFO - molecules [('EC', 85), ('DMC', 85), ('EMC', 85), ('FEC', 85), ('PF6', 34), ('LI', 34)]
2026-09-15 16:43:23 - INFO - use PME
2026-09-15 16:43:23 - INFO - use long range correction
2026-09-15 16:43:23 - INFO - amoeba force num multipoles 4267
2026-09-15 16:43:23 - INFO - amoeba force nonbonded method 1
2026-09-15 16:43:23 - INFO - npt run
2026-09-15 16:43:24 - INFO - system force HarmonicBondForce, group 0
2026-09-15 16:43:24 - INFO - system force HarmonicAngleForce, group 0
2026-09-15 16:43:24 - INFO - system force PeriodicTorsionForce, group 0
2026-09-15 16:43:24 - INFO - system force CMMotionRemover, group 0
2026-09-15 16:43:24 - INFO - system force AmoebaMultipoleForce, group 1
2026-09-15 16:43:24 - INFO - system force CustomNonbondedForce, group 1
2026-09-15 16:43:24 - INFO - system force CustomBondForce, group 0
2026-09-15 16:43:24 - INFO - system force MonteCarloBarostat, group 0
2026-09-15 16:43:24 - INFO - Minimizing energy
2026-09-15 16:43:26 - INFO - Running npt
2026-09-15 20:00:50 - INFO - npt done
2026-09-15 20:00:50 - INFO - scale box by 0.998
2026-09-15 20:00:50 - INFO - nvt run
2026-09-15 20:00:51 - INFO - system force HarmonicBondForce, group 0
2026-09-15 20:00:51 - INFO - system force HarmonicAngleForce, group 0
2026-09-15 20:00:51 - INFO - system force PeriodicTorsionForce, group 0
2026-09-15 20:00:51 - INFO - system force CMMotionRemover, group 0
2026-09-15 20:00:51 - INFO - system force AmoebaMultipoleForce, group 1
2026-09-15 20:00:51 - INFO - system force CustomNonbondedForce, group 1
2026-09-15 20:00:51 - INFO - system force CustomBondForce, group 0
2026-09-15 20:00:51 - INFO - Running nvt
2026-09-16 02:37:00 - INFO - nvt done
2026-09-16 02:37:00 - INFO - nonequ run
2026-09-16 02:37:01 - INFO - system force HarmonicBondForce, group 0
2026-09-16 02:37:01 - INFO - system force HarmonicAngleForce, group 0
2026-09-16 02:37:01 - INFO - system force PeriodicTorsionForce, group 0
2026-09-16 02:37:01 - INFO - system force CMMotionRemover, group 0
2026-09-16 02:37:01 - INFO - system force AmoebaMultipoleForce, group 1
2026-09-16 02:37:01 - INFO - system force CustomNonbondedForce, group 1
2026-09-16 02:37:01 - INFO - system force CustomBondForce, group 0
2026-09-16 02:37:02 - INFO - Running nonequ
2026-09-16 03:15:55 - INFO - nonequ done
2026-09-16 03:15:55 - INFO - post processing transport protocol
2026-09-16 03:15:55 - INFO - viscosity: 4.917
2026-09-16 03:15:57 - INFO - Inferred cubic box length [angstrom]: 36.28385990967345
2026-09-16 03:15:57 - INFO - Use frames: 19800
2026-09-16 03:16:05 - INFO - msd_self: [2.778629822391119, 2.5300144818109818, 2.1382844462160753, 2.72282912340757, 2.104460875179968, 1.412082621512496]
2026-09-16 03:16:05 - INFO - conductivity: 8.115941696101599
2026-09-16 03:16:05 - INFO -     Conductivity (Onsager)        :     8.115942 mS/cm
2026-09-16 03:16:05 - INFO -     Viscosity                     :     4.917391 cP
2026-09-16 03:16:05 - INFO - ================================================================================
2026-09-16 03:16:05 - INFO - Calculation Complete [100%]
2026-09-16 03:16:05 - INFO - ================================================================================
2026-09-16 03:16:05 - INFO -   ✓ Saved summary to run_by_name_4_solvent/summary.json
2026-09-16 03:16:05 - INFO - ================================================================================
2026-09-16 03:16:05 - INFO - CALCULATION SUMMARY
2026-09-16 03:16:05 - INFO - ================================================================================
2026-09-16 03:16:05 - INFO - 
System Composition:
2026-09-16 03:16:05 - INFO -   Solvent                       : EC/DMC/EMC/FEC
2026-09-16 03:16:05 - INFO -   Solvent Ratio                 : 2.5:2.5:2.5:2.5
2026-09-16 03:16:05 - INFO -   Anion                         : PF6
2026-09-16 03:16:05 - INFO -   Cation                        : LI
2026-09-16 03:16:05 - INFO -   Li Count                      : 34
2026-09-16 03:16:05 - INFO -   Salt:Solvent Ratio            : 1:10
2026-09-16 03:16:05 - INFO - 
Simulation Parameters:
2026-09-16 03:16:05 - INFO -   Temperature                   : 298.0 K
2026-09-16 03:16:05 - INFO -   Components                    : {'EC': 85, 'DMC': 85, 'EMC': 85, 'FEC': 85, 'LI': 34, 'PF6': 34}
2026-09-16 03:16:05 - INFO - 
Calculated Properties:
2026-09-16 03:16:05 - INFO -   Density (g/mL)                : 1.329461
2026-09-16 03:16:05 - INFO -   Conductivity (mS/cm)          : 8.115942
2026-09-16 03:16:05 - INFO -   Viscosity (cP)                : 4.917391
