2026-09-21 20:04:02 - INFO - ================================================================================
2026-09-21 20:04:02 - INFO - PropertiesCalculator Initialization [0%]
2026-09-21 20:04:02 - INFO - ================================================================================
2026-09-21 20:04:02 - INFO -   ✓ Solvent: EC/EMC (3:7), Anion: PF6, Li count: 34
2026-09-21 20:04:02 - INFO - Components: {'EC': 102, 'EMC': 238, 'LI': 34, 'PF6': 34} (salt:solvent 0.1000, solvent ratio 3:7)
2026-09-21 20:04:02 - INFO -   ✓ Components: {'EC': 102, 'EMC': 238, 'LI': 34, 'PF6': 34}
2026-09-21 20:04:02 - INFO -   ✓ Working directory: run_by_name
2026-09-21 20:04:02 - INFO - ================================================================================
2026-09-21 20:04:02 - INFO - Starting Property Calculations: density, dielectric, viscosity, conductivity [10%]
2026-09-21 20:04:02 - INFO - ================================================================================
2026-09-21 20:04:02 - INFO -   ✓ Calculating density...
2026-09-21 20:04:02 - INFO - Saved config to run_by_name/density_config.json
2026-09-21 20:04:02 - INFO - Calculating density...
2026-09-21 20:04:02 - INFO - Running DensityProtocol
2026-09-21 20:04:02 - INFO - running density protocol
2026-09-21 20:04:22 - INFO - use a=0.39 for polarization solver
2026-09-21 20:04:03 - INFO - generating force field params for EC
2026-09-21 20:04:03 - INFO - Writing itp: run_by_name/density_params/EC.itp
2026-09-21 20:04:03 - INFO - Writing atp: run_by_name/density_params/EC.atp
2026-09-21 20:04:03 - INFO - generating force field params for EMC
2026-09-21 20:04:03 - INFO - Writing itp: run_by_name/density_params/EMC.itp
2026-09-21 20:04:03 - INFO - Writing atp: run_by_name/density_params/EMC.atp
2026-09-21 20:04:03 - INFO - generating force field params for LI
2026-09-21 20:04:03 - INFO - Writing itp: run_by_name/density_params/LI.itp
2026-09-21 20:04:03 - INFO - Writing atp: run_by_name/density_params/LI.atp
2026-09-21 20:04:03 - INFO - generating force field params for PF6
2026-09-21 20:04:03 - INFO - Writing itp: run_by_name/density_params/PF6.itp
2026-09-21 20:04:03 - INFO - Writing atp: run_by_name/density_params/PF6.atp
2026-09-21 20:04:03 - INFO - building system for dict_keys(['EC', 'EMC', 'LI', 'PF6'])
2026-09-21 20:04:05 - INFO - s12: 0.1690015023721859, disp_damping: 120.0
2026-09-21 20:04:05 - INFO - molecules [('EMC', 238), ('EC', 102), ('PF6', 34), ('LI', 34)]
2026-09-21 20:04:05 - INFO - use PME
2026-09-21 20:04:05 - INFO - use long range correction
2026-09-21 20:04:05 - INFO - amoeba force num multipoles 4862
2026-09-21 20:04:05 - INFO - amoeba force nonbonded method 1
2026-09-21 20:04:05 - INFO - system force HarmonicBondForce, group 0
2026-09-21 20:04:05 - INFO - system force HarmonicAngleForce, group 0
2026-09-21 20:04:05 - INFO - system force PeriodicTorsionForce, group 0
2026-09-21 20:04:05 - INFO - system force CMMotionRemover, group 0
2026-09-21 20:04:05 - INFO - system force AmoebaMultipoleForce, group 1
2026-09-21 20:04:05 - INFO - system force CustomNonbondedForce, group 1
2026-09-21 20:04:05 - INFO - system force CustomBondForce, group 0
2026-09-21 20:04:05 - INFO - system force MonteCarloBarostat, group 0
2026-09-21 20:04:08 - INFO - Minimizing energy
2026-09-21 20:04:11 - INFO - Running npt
2026-09-21 20:05:53 - INFO - ================================================================================
2026-09-21 20:05:53 - INFO - PropertiesCalculator Initialization [0%]
2026-09-21 20:05:53 - INFO - ================================================================================
2026-09-21 20:05:53 - INFO -   ✓ Solvent: EC/EMC (3:7), Anion: PF6, Li count: 34
2026-09-21 20:05:53 - INFO - Components: {'EC': 102, 'EMC': 238, 'LI': 34, 'PF6': 34} (salt:solvent 0.1000, solvent ratio 3:7)
2026-09-21 20:05:53 - INFO -   ✓ Components: {'EC': 102, 'EMC': 238, 'LI': 34, 'PF6': 34}
2026-09-21 20:05:53 - INFO -   ✓ Working directory: run_by_name
2026-09-21 20:05:53 - INFO - ================================================================================
2026-09-21 20:05:53 - INFO - Starting Property Calculations: density, viscosity, conductivity [10%]
2026-09-21 20:05:53 - INFO - ================================================================================
2026-09-21 20:05:53 - INFO -   ✓ Calculating density...
2026-09-21 20:05:53 - INFO - Saved config to run_by_name/density_config.json
2026-09-21 20:05:53 - INFO - Calculating density...
2026-09-21 20:05:53 - INFO - Running DensityProtocol
2026-09-21 20:05:53 - INFO - running density protocol
2026-09-21 20:05:53 - INFO - use a=0.39 for polarization solver
2026-09-21 20:05:53 - INFO - generating force field params for EC
2026-09-21 20:05:53 - WARNING - File /home/jinyi/local/src/byteff2/example/8_encapsulation/run_by_name/density_params/EC.itp exists and will be overwritten.
2026-09-21 20:05:53 - INFO - Writing itp: run_by_name/density_params/EC.itp
2026-09-21 20:05:53 - INFO - Writing atp: run_by_name/density_params/EC.atp
2026-09-21 20:05:53 - INFO - generating force field params for EMC
2026-09-21 20:05:53 - WARNING - File /home/jinyi/local/src/byteff2/example/8_encapsulation/run_by_name/density_params/EMC.itp exists and will be overwritten.
2026-09-21 20:05:53 - INFO - Writing itp: run_by_name/density_params/EMC.itp
2026-09-21 20:05:53 - INFO - Writing atp: run_by_name/density_params/EMC.atp
2026-09-21 20:05:53 - INFO - generating force field params for LI
2026-09-21 20:05:53 - WARNING - File /home/jinyi/local/src/byteff2/example/8_encapsulation/run_by_name/density_params/LI.itp exists and will be overwritten.
2026-09-21 20:05:53 - INFO - Writing itp: run_by_name/density_params/LI.itp
2026-09-21 20:05:53 - INFO - Writing atp: run_by_name/density_params/LI.atp
2026-09-21 20:05:53 - INFO - generating force field params for PF6
2026-09-21 20:05:53 - WARNING - File /home/jinyi/local/src/byteff2/example/8_encapsulation/run_by_name/density_params/PF6.itp exists and will be overwritten.
2026-09-21 20:05:53 - INFO - Writing itp: run_by_name/density_params/PF6.itp
2026-09-21 20:05:53 - INFO - Writing atp: run_by_name/density_params/PF6.atp
2026-09-21 20:05:53 - INFO - building system for dict_keys(['EC', 'EMC', 'LI', 'PF6'])
2026-09-21 20:05:56 - INFO - s12: 0.1690015023721859, disp_damping: 120.0
2026-09-21 20:05:56 - INFO - molecules [('EMC', 238), ('EC', 102), ('PF6', 34), ('LI', 34)]
2026-09-21 20:05:56 - INFO - use PME
2026-09-21 20:05:56 - INFO - use long range correction
2026-09-21 20:05:56 - INFO - amoeba force num multipoles 4862
2026-09-21 20:05:56 - INFO - amoeba force nonbonded method 1
2026-09-21 20:05:57 - INFO - system force HarmonicBondForce, group 0
2026-09-21 20:05:57 - INFO - system force HarmonicAngleForce, group 0
2026-09-21 20:05:57 - INFO - system force PeriodicTorsionForce, group 0
2026-09-21 20:05:57 - INFO - system force CMMotionRemover, group 0
2026-09-21 20:05:57 - INFO - system force AmoebaMultipoleForce, group 1
2026-09-21 20:05:57 - INFO - system force CustomNonbondedForce, group 1
2026-09-21 20:05:57 - INFO - system force CustomBondForce, group 0
2026-09-21 20:05:57 - INFO - system force MonteCarloBarostat, group 0
2026-09-21 20:05:57 - INFO - Minimizing energy
2026-09-21 20:06:00 - INFO - Running npt
2026-09-21 20:12:18 - INFO - npt done
2026-09-21 20:12:18 - INFO - Finished running density protocol
2026-09-21 20:12:18 - INFO - {'density': 1.2122763219287154, 'density_std': 0.0006123845680160729}
2026-09-21 20:12:18 - INFO -     Density                       :     1.212276 g/mL
2026-09-21 20:12:18 - INFO -   ✓ Calculating transport properties...
2026-09-21 20:12:18 - INFO - Saved config to run_by_name/transport_config.json
2026-09-21 20:12:18 - INFO - Calculating conductivity and viscosity...
2026-09-21 20:12:18 - INFO - Running TransportProtocol
2026-09-21 20:12:18 - INFO - running transport protocol
2026-09-21 20:12:18 - INFO - use a=0.39 for polarization solver
2026-09-21 20:12:18 - INFO - generating force field params for EC
2026-09-21 20:12:18 - INFO - Writing itp: run_by_name/transport_params/EC.itp
2026-09-21 20:12:18 - INFO - Writing atp: run_by_name/transport_params/EC.atp
2026-09-21 20:12:18 - INFO - generating force field params for EMC
2026-09-21 20:12:18 - INFO - Writing itp: run_by_name/transport_params/EMC.itp
2026-09-21 20:12:18 - INFO - Writing atp: run_by_name/transport_params/EMC.atp
2026-09-21 20:12:18 - INFO - generating force field params for LI
2026-09-21 20:12:18 - INFO - Writing itp: run_by_name/transport_params/LI.itp
2026-09-21 20:12:18 - INFO - Writing atp: run_by_name/transport_params/LI.atp
2026-09-21 20:12:18 - INFO - generating force field params for PF6
2026-09-21 20:12:18 - INFO - Writing itp: run_by_name/transport_params/PF6.itp
2026-09-21 20:12:18 - INFO - Writing atp: run_by_name/transport_params/PF6.atp
2026-09-21 20:12:18 - INFO - building system for dict_keys(['EC', 'EMC', 'LI', 'PF6'])
2026-09-21 20:12:20 - INFO - s12: 0.1690015023721859, disp_damping: 120.0
2026-09-21 20:12:20 - INFO - molecules [('EMC', 238), ('EC', 102), ('PF6', 34), ('LI', 34)]
2026-09-21 20:12:20 - INFO - use PME
2026-09-21 20:12:20 - INFO - use long range correction
2026-09-21 20:12:20 - INFO - amoeba force num multipoles 4862
2026-09-21 20:12:20 - INFO - amoeba force nonbonded method 1
2026-09-21 20:12:20 - INFO - npt run
2026-09-21 20:12:21 - INFO - system force HarmonicBondForce, group 0
2026-09-21 20:12:21 - INFO - system force HarmonicAngleForce, group 0
2026-09-21 20:12:21 - INFO - system force PeriodicTorsionForce, group 0
2026-09-21 20:12:21 - INFO - system force CMMotionRemover, group 0
2026-09-21 20:12:21 - INFO - system force AmoebaMultipoleForce, group 1
2026-09-21 20:12:21 - INFO - system force CustomNonbondedForce, group 1
2026-09-21 20:12:21 - INFO - system force CustomBondForce, group 0
2026-09-21 20:12:21 - INFO - system force MonteCarloBarostat, group 0
2026-09-21 20:12:21 - INFO - Minimizing energy
2026-09-21 20:12:24 - INFO - Running npt
2026-09-22 02:10:34 - INFO - npt done
2026-09-22 02:10:34 - INFO - scale box by 1.003
2026-09-22 02:10:34 - INFO - nvt run
2026-09-22 02:10:35 - INFO - system force HarmonicBondForce, group 0
2026-09-22 02:10:35 - INFO - system force HarmonicAngleForce, group 0
2026-09-22 02:10:35 - INFO - system force PeriodicTorsionForce, group 0
2026-09-22 02:10:35 - INFO - system force CMMotionRemover, group 0
2026-09-22 02:10:35 - INFO - system force AmoebaMultipoleForce, group 1
2026-09-22 02:10:35 - INFO - system force CustomNonbondedForce, group 1
2026-09-22 02:10:35 - INFO - system force CustomBondForce, group 0
2026-09-22 02:10:35 - INFO - Running nvt
2026-09-22 15:53:07 - INFO - nvt done
2026-09-22 15:53:07 - INFO - nonequ run
2026-09-22 15:53:08 - INFO - system force HarmonicBondForce, group 0
2026-09-22 15:53:08 - INFO - system force HarmonicAngleForce, group 0
2026-09-22 15:53:08 - INFO - system force PeriodicTorsionForce, group 0
2026-09-22 15:53:08 - INFO - system force CMMotionRemover, group 0
2026-09-22 15:53:08 - INFO - system force AmoebaMultipoleForce, group 1
2026-09-22 15:53:08 - INFO - system force CustomNonbondedForce, group 1
2026-09-22 15:53:08 - INFO - system force CustomBondForce, group 0
2026-09-22 15:53:08 - INFO - Running nonequ
2026-09-22 17:16:46 - INFO - nonequ done
2026-09-22 17:16:46 - INFO - post processing transport protocol
2026-09-22 17:16:46 - INFO - viscosity: 3.478
2026-09-22 17:16:47 - INFO - Inferred cubic box length [angstrom]: 37.608762235973245
2026-09-22 17:16:48 - INFO - Use frames: 19800
2026-09-22 17:16:53 - INFO - msd_self: [3.136885752135145, 3.7831513152285, 2.484050671679926, 1.6862533062877907]
2026-09-22 17:16:53 - INFO - conductivity: 10.681161187256574
2026-09-22 17:16:53 - INFO -     Conductivity (Onsager)        :    10.681161 mS/cm
2026-09-22 17:16:53 - INFO -     Viscosity                     :     3.478238 cP
2026-09-22 17:16:53 - INFO - ================================================================================
2026-09-22 17:16:53 - INFO - Calculation Complete [100%]
2026-09-22 17:16:53 - INFO - ================================================================================
2026-09-22 17:16:53 - INFO -   ✓ Saved summary to run_by_name/summary.json
2026-09-22 17:16:53 - INFO - ================================================================================
2026-09-22 17:16:53 - INFO - CALCULATION SUMMARY
2026-09-22 17:16:53 - INFO - ================================================================================
2026-09-22 17:16:53 - INFO - 
System Composition:
2026-09-22 17:16:53 - INFO -   Solvent                       : EC/EMC
2026-09-22 17:16:53 - INFO -   Solvent Ratio                 : 3:7
2026-09-22 17:16:53 - INFO -   Anion                         : PF6
2026-09-22 17:16:53 - INFO -   Cation                        : LI
2026-09-22 17:16:53 - INFO -   Li Count                      : 34
2026-09-22 17:16:53 - INFO -   Salt:Solvent Ratio            : 1:10
2026-09-22 17:16:53 - INFO - 
Simulation Parameters:
2026-09-22 17:16:53 - INFO -   Temperature                   : 298.0 K
2026-09-22 17:16:53 - INFO -   Components                    : {'EC': 102, 'EMC': 238, 'LI': 34, 'PF6': 34}
2026-09-22 17:16:53 - INFO - 
Calculated Properties:
2026-09-22 17:16:53 - INFO -   Density (g/mL)                : 1.212276
2026-09-22 17:16:53 - INFO -   Conductivity (mS/cm)          : 10.681161
2026-09-22 17:16:53 - INFO -   Viscosity (cP)                : 3.478238
